// Jest Snapshot v1, https://goo.gl/fbAQLP

exports[`check contents shows header and icon 1`] = `[Function]`;
