// Jest Snapshot v1, https://goo.gl/fbAQLP

exports[`check contents contains loading spinner 1`] = `<ActivityIndicator />`;
