// Jest Snapshot v1, https://goo.gl/fbAQLP

exports[`check contents has chart component 1`] = `<component />`;
